node.exe : npm warn Unknown env config "devdir". This will stop working in the next major version of npm. See `npm 
help npmrc` for supported config options.
At line:1 char:1
+ & "C:\Program Files\nodejs/node.exe" "C:\Program Files\nodejs/node_mo ...
+ ~~~~~~~~~~~~~~~~~~~~~~~~~~~~~~~~~~~~~~~~~~~~~~~~~~~~~~~~~~~~~~~~~~~~~
    + CategoryInfo          : NotSpecified: (npm warn Unknow...config options.:String) [], RemoteException
    + FullyQualifiedErrorId : NativeCommandError
 

> shaandar-crm@0.1.0 build
> next build

   Γû▓ Next.js 15.5.19
   - Environments: .env.local

   Creating an optimized production build ...
 Γ£ô Compiled successfully in 101s
   Linting and checking validity of types ...

./src/app/api/v1/attendance/workflow/route.ts
18:3  Warning: 'formatSchemaEnsureFailureMessage' is defined but never used.  @typescript-eslint/no-unused-vars
40:10  Warning: 'mapDbRowToWorkflow' is defined but never used.  @typescript-eslint/no-unused-vars
62:10  Warning: 'recordKey' is defined but never used.  @typescript-eslint/no-unused-vars
293:36  Warning: '_status' is defined but never used.  @typescript-eslint/no-unused-vars

./src/components/master-panel/attendance-control-center.tsx
177:10  Warning: 'saveStatus' is assigned a value but never used.  @typescript-eslint/no-unused-vars
180:10  Warning: 'schemaMessage' is assigned a value but never used.  @typescript-eslint/no-unused-vars

./src/components/master-panel/overtime-tracker-panel.tsx
415:6  Warning: React Hook useEffect has a missing dependency: 'applySelectedEmployee'. Either include it or remove the dependency array.  react-hooks/exhaustive-deps

./src/components/master-panel/vehicle-management-transaction-panel.tsx
151:5  Warning: React Hook useMemo has an unnecessary dependency: 'form.vehicleId'. Either exclude it or remove the dependency array.  react-hooks/exhaustive-deps

./src/lib/attendance-bulk-dynamic-alignment.ts
6:3  Warning: 'normalizeHeaderKey' is defined but never used.  @typescript-eslint/no-unused-vars
47:39  Warning: '_length' is defined but never used.  @typescript-eslint/no-unused-vars
93:3  Warning: '_columnMap' is defined but never used.  @typescript-eslint/no-unused-vars
94:3  Warning: '_sampleRow' is defined but never used.  @typescript-eslint/no-unused-vars

./src/lib/attendance-bulk-header-normalizer.ts
2:3  Warning: 'applyDateFallback' is defined but never used.  @typescript-eslint/no-unused-vars

./src/lib/attendance-import-parser.ts
277:10  Warning: 'extractRowFields' is defined but never used.  @typescript-eslint/no-unused-vars

./src/lib/attendance-schema-ensure.ts
40:50  Warning: '_originalError' is defined but never used.  @typescript-eslint/no-unused-vars

./src/lib/legacy-attendance-fetch.ts
5:3  Warning: 'mergeAttendanceGridRows' is defined but never used.  @typescript-eslint/no-unused-vars

info  - Need to disable some ESLint rules? Learn more here: https://nextjs.org/docs/app/api-reference/config/eslint#disabling-rules
   Collecting page data ...
   Generating static pages (0/27) ...
   Generating static pages (6/27) 
   Generating static pages (13/27) 
   Generating static pages (20/27) 
 Γ£ô Generating static pages (27/27)
   Finalizing page optimization ...
   Collecting build traces ...

Route (app)                                     Size  First Load JS
Γöî ╞Æ /                                          159 B         103 kB
Γö£ Γùï /_not-found                                995 B         104 kB
Γö£ ╞Æ /analysis                                  166 B         124 kB
Γö£ ╞Æ /api-refresh                               166 B         124 kB
Γö£ ╞Æ /api/admin/sync-attendance-schema          159 B         103 kB
Γö£ ╞Æ /api/admin/sync-employee-schema            159 B         103 kB
Γö£ ╞Æ /api/employees                             159 B         103 kB
Γö£ ╞Æ /api/employees/[id]                        159 B         103 kB
Γö£ ╞Æ /api/health/supabase                       159 B         103 kB
Γö£ ╞Æ /api/v1/attendance/biometric               159 B         103 kB
Γö£ ╞Æ /api/v1/attendance/pipeline                159 B         103 kB
Γö£ ╞Æ /api/v1/attendance/schema/ensure           159 B         103 kB
Γö£ ╞Æ /api/v1/attendance/schema/migration-sql    159 B         103 kB
Γö£ ╞Æ /api/v1/attendance/staging                 159 B         103 kB
Γö£ ╞Æ /api/v1/attendance/sync                    159 B         103 kB
Γö£ ╞Æ /api/v1/attendance/workflow                159 B         103 kB
Γö£ ╞Æ /api/v1/attendance/workflow/bulk           159 B         103 kB
Γö£ ╞Æ /api/v1/managed-users                      159 B         103 kB
Γö£ ╞Æ /dashboard                               6.93 kB         130 kB
Γö£ ╞Æ /data-analysis                             166 B         124 kB
Γö£ ╞Æ /display                                 13.4 kB         141 kB
Γö£ Γùï /login                                   5.56 kB         108 kB
Γö£ ╞Æ /master-panel                              132 B         237 kB
Γö£ ╞Æ /report-generated                        3.67 kB         127 kB
Γö£ ╞Æ /transactions                              132 B         237 kB
Γöö ╞Æ /user-management                         8.92 kB         135 kB
+ First Load JS shared by all                 103 kB
  Γö£ chunks/255-98a0bdaa30757bda.js           46.2 kB
  Γö£ chunks/4bd1b696-c023c6e3521b1417.js      54.2 kB
  Γöö other shared chunks (total)              2.05 kB


╞Æ Middleware                                 36.1 kB

Γùï  (Static)   prerendered as static content
╞Æ  (Dynamic)  server-rendered on demand

